// Jest Snapshot v1, https://goo.gl/fbAQLP

exports[`messages 1`] = `
Object {
  "annualProvisions": "str",
}
`;
